V3 3
FL C:/Xilinx/projects/moje/synchronous_counter/main.vhd 2021/09/01.23:55:26 P.20131013
EN work/main 1630533330 FL C:/Xilinx/projects/moje/synchronous_counter/main.vhd \
      PB ieee/std_logic_1164 1381692176 PB ieee/STD_LOGIC_UNSIGNED 1381692179 \
      PB ieee/NUMERIC_STD 1381692181
AR work/main/Behavioral 1630533331 \
      FL C:/Xilinx/projects/moje/synchronous_counter/main.vhd EN work/main 1630533330
